// Jest Snapshot v1, https://goo.gl/fbAQLP

exports[`<Message /> component should hide - no text passed 1`] = `""`;

exports[`<Message /> should not render text 1`] = `""`;

exports[`<Message /> should render text passed: Hello world 1`] = `
<div
  className="message"
>
  Hello world
</div>
`;

exports[`<Message /> should render text: Hello world 1`] = `
<div
  className="message"
>
  Hello world
</div>
`;
